file_handling.c:25:5:bufsize	0	static
file_handling.c:32:6:clear_buffer	0	static
file_handling.c:38:6:clear_buffer_SD	0	static
file_handling.c:43:6:clear_path	0	static
file_handling.c:48:6:send_uart	8	static
file_handling.c:56:6:send_uart_byte	0	static
file_handling.c:64:6:send_uart1	8	static
file_handling.c:72:5:cmdlength	0	static
file_handling.c:78:6:get_path	8	static
file_handling.c:91:6:mount_sd	8	static
file_handling.c:98:6:unmount_sd	8	static
file_handling.c:106:9:scan_files	1120	static
file_handling.c:143:6:write_file	24	static
file_handling.c:200:6:write_file_mod	16	static
file_handling.c:219:6:write_file_byte	16	static
file_handling.c:238:6:read_file	16	static
file_handling.c:285:6:create_file	16	static
file_handling.c:315:6:create_file_mod	24	static
file_handling.c:344:6:close_file	8	static
file_handling.c:352:6:remove_file	16	static
file_handling.c:379:6:create_dir	8	static
file_handling.c:394:6:check_sd	16	static
file_handling.c:407:6:check_file	32	static
file_handling.c:440:6:update_file	24	static
